--- run 2026-09-16T16:30:20 ---
PASS  no missing asset references  [11 refs checked]
PASS  bad hero-water-birth.jpg ref removed
PASS  photo wash stops <= 0.18  [stops=[0.16, 0.18]]
PASS  4 phone frames (DOM)  [4]
PASS  Cormorant loads
PASS  Quicksand loads
PASS  6 OTP cells  [6]
PASS  4 frames in render (pixel)  [4]
PASS  signup: photo band has real detail  [min x-variance=32.1]
PASS  signup: cream sheet overlaps photo (band 160-240px)  [sheet top y=204]
PASS  verify: photo band has real detail  [min x-variance=36.1]
PASS  verify: cream sheet overlaps photo (band 160-240px)  [sheet top y=184]
PASS  notifications: photo band has real detail  [min x-variance=45.0]
PASS  notifications: cream sheet overlaps photo (band 160-240px)  [sheet top y=214]
PASS  firstwin: photo band has real detail  [min x-variance=48.2]
PASS  firstwin: cream sheet overlaps photo (band 160-240px)  [sheet top y=184]
RESULT: ALL PASS
--- run 2026-09-16T16:52:00 ---
CHANGE: hard-edged cream sheet → approved gradient fade (auth-screens-1 login pattern: wash .14 → transparent 55% → cream 100%)
PASS  4 fade overlays present (DOM count 4)
PASS  no horizontal overflow on any frame (scrollWidth-clientWidth = 0,0,0,0)
PASS  vision 4/4: photo fades into cream with NO hard edge; all text readable (screens 1-3)
PASS  screen 4 pixel check: photo present under fade (x-variance 34-68), fade→cream complete by y≈165
PASS  sheet margin-top -24px → -56px sits inside opaque cream zone of fade
RESULT: ALL PASS (ad-hoc, static mockup — not a suite green)
--- run 2026-09-16T17:20:00 ---
CHANGE: removed solid-cream sheet overlap (the hard line Jeff flagged) + removed 'glow' 4-stop tail
NEW: exact approved-login 3-stop fade (tint .15 -> transparent 55% -> #FAF8F5 100%); sheet transparent bg, margin-top 0
PASS  photo-wash gradients removed (0 remaining), 4-stop fades removed (0 remaining), 3-stop fades x4
PASS  seam scan (objective): max adjacent-row jump per screen = 29/29/18/50 — all below hard-edge threshold (~60);
      the 50 on screen 4 is the progress-bar top edge inside the sheet (UI element), not a photo seam
PASS  pixel profile screen 4 transition: monotone dissolve y150=210-247 gray -> y165=241-250 -> y170+=cream
PASS  vision close-up screen 2: 'dissolves smoothly, no hard edge, no glowing band, no card edge'
RESULT: ALL PASS (ad-hoc, static mockup — not a suite green)
--- run 2026-09-16 17:05 — verify repositioned (Jeff msg 1549918375239622757) ---
render via agent-Chrome CDP (Chrome binary headless modes both failed: rc13 multiple-targets,
old --headless hung 120s — record: use browser_exec CDP for renders from now on)
photo-zone (y20..175 inner) max adjacent-row jump: signup 7.9 / verify 3.6 / notifications 5.3 / firstwin 4.7 — all smooth fade (threshold: hard>60)
copy updated: screen 2 now "One last step / Verify your email / Verified pros appear in the
marketplace" + skip note "you won't appear in the marketplace until you verify" + CTA
"Verify & finish setup" (pro-only last step; moms have NO verify screen)
RESULT: ALL PASS
--- run 2026-09-16 (rev3 verify-repositioning hermes-verify)
RESULT: RESULT: ALL PASS (ad-hoc, static mockup — not a suite green)
PASS  A1 heading 'One last step'
PASS  A2 title 'Verify your <em>email</em>'
PASS  A3 marketplace body copy
PASS  A4 skip note states marketplace consequence
PASS  A5 CTA 'Verify &amp; finish setup'
PASS  B old copy removed: 'One small step'
PASS  B old copy removed: 'Check your <em>inbox</em>'
PASS  B old copy removed: 'Prefer to explore first'
PASS  B old copy removed: 'Verify &amp; continue'
PASS  B old copy removed: 'keeps your account yours'
PASS  C1 no photo-wash gradients
PASS  C2 no 4-stop fades
PASS  C3 single 3-stop fade x4
PASS  C4 no solid sheet over fade
PASS  C5 all asset refs exist — 10 refs
      photo-zone max jump signup: 7.9
      photo-zone max jump verify: 3.6
      photo-zone max jump notifications: 5.3
      photo-zone max jump firstwin: 4.7
PASS  D1 smooth dissolve all screens (hard-edge threshold 60) — worst=7.9
PASS  D2 packet is the current render

RESULT: ALL PASS (ad-hoc, static mockup — not a suite green)
